  otto run — session 2026-05-04-170703-0ba3d7

spec validator: multi-slice spec declares no cross_slice_checks (integration testing is missing — slices may pass in isolation while their composition is broken)
  Compile complete — 5 slice(s), project_kind=webapp
  Spec: 
/private/tmp/otto-e2e/p9-kanban/otto_logs/sessions/2026-05-04-170703-0ba3d7/spec
/spec.json
  Spec validator warnings (1):
    · multi-slice spec declares no cross_slice_checks (integration testing is 
missing — slices may pass in isolation while their composition is broken)

  Build phase — dispatching slice agents
  Build: 5/5 slices passing, $3.60, 1470s

  Merge phase — landing slices in dep order
  Merge: 5 landed, 0 blocked, $0.00

  Audit phase — final integrated review
  Audit verdict: passed; $0.25, 136s

  Render phase — assembling proof packet
  Proof: 
/private/tmp/otto-e2e/p9-kanban/otto_logs/sessions/2026-05-04-170703-0ba3d7/proo
f-packet.html
        /private/tmp/otto-e2e/p9-kanban/otto_logs/sessions/2026-05-04-170703-0ba
3d7/proof-packet.json
