  otto run — session 2026-05-04-162602-8c1cce

spec validator: multi-slice spec declares no cross_slice_checks (integration testing is missing — slices may pass in isolation while their composition is broken)
  Compile complete — 4 slice(s), project_kind=cli
  Spec: 
/private/tmp/otto-e2e/p8-jobq/otto_logs/sessions/2026-05-04-162602-8c1cce/spec/s
pec.json
  Spec validator warnings (1):
    · multi-slice spec declares no cross_slice_checks (integration testing is 
missing — slices may pass in isolation while their composition is broken)

  Build phase — dispatching slice agents
  Build: 4/4 slices passing, $2.01, 1001s

  Merge phase — landing slices in dep order
  Merge: 4 landed, 0 blocked, $0.00

  Audit phase — final integrated review
  Audit verdict: passed; $0.32, 139s

  Render phase — assembling proof packet
  Proof: 
/private/tmp/otto-e2e/p8-jobq/otto_logs/sessions/2026-05-04-162602-8c1cce/proof-
packet.html
        /private/tmp/otto-e2e/p8-jobq/otto_logs/sessions/2026-05-04-162602-8c1cc
e/proof-packet.json
