  otto run — session 2026-05-04-100700-9b9a26

spec validator: multi-slice spec declares no cross_slice_checks (integration testing is missing — slices may pass in isolation while their composition is broken)
  Compile complete — 4 slice(s), project_kind=webapp
  Spec: 
/private/tmp/otto-e2e/p3-bookmarks/otto_logs/sessions/2026-05-04-100700-9b9a26/s
pec/spec.json
  Spec validator warnings (1):
    · multi-slice spec declares no cross_slice_checks (integration testing is 
missing — slices may pass in isolation while their composition is broken)

  Build phase — dispatching slice agents
  Build: 4/4 slices passing, $1.93, 621s

  Merge phase — landing slices in dep order
  Merge: 4 landed, 0 blocked, $0.00

  Audit phase — final integrated review
  Audit verdict: passed; $0.11, 77s

  Render phase — assembling proof packet
  Proof: 
/private/tmp/otto-e2e/p3-bookmarks/otto_logs/sessions/2026-05-04-100700-9b9a26/p
roof-packet.html
        /private/tmp/otto-e2e/p3-bookmarks/otto_logs/sessions/2026-05-04-100700-
9b9a26/proof-packet.json
