  otto run — session 2026-05-04-094733-2e88e0

spec validator: multi-slice spec declares no cross_slice_checks (integration testing is missing — slices may pass in isolation while their composition is broken)
  Compile complete — 4 slice(s), project_kind=webapp
  Spec: 
/private/tmp/otto-e2e/p3-bookmarks/otto_logs/sessions/2026-05-04-094733-2e88e0/s
pec/spec.json
  Spec validator warnings (1):
    · multi-slice spec declares no cross_slice_checks (integration testing is 
missing — slices may pass in isolation while their composition is broken)

  Build phase — dispatching slice agents
  Build: 1/4 slices passing, $1.20, 477s
  Blocked slices: bookmarks, tags, api

  Merge phase — landing slices in dep order
  Merge: 1 landed, 0 blocked, $0.00

  Audit phase — final integrated review
  Audit verdict: partial; $0.97, 474s

  Render phase — assembling proof packet
  Proof: 
/private/tmp/otto-e2e/p3-bookmarks/otto_logs/sessions/2026-05-04-094733-2e88e0/p
roof-packet.html
        /private/tmp/otto-e2e/p3-bookmarks/otto_logs/sessions/2026-05-04-094733-
2e88e0/proof-packet.json
