  otto run — session 2026-05-04-093134-aeb277

spec validator: multi-slice spec declares no cross_slice_checks (integration testing is missing — slices may pass in isolation while their composition is broken)
spec validator: structure.payload: missing required field 'entrypoint'
spec validator: structure.payload: missing required field 'commands'
  Compile complete — 5 slice(s), project_kind=cli
  Spec: 
/private/tmp/otto-e2e/p2-jsonl-cli/otto_logs/sessions/2026-05-04-093134-aeb277/s
pec/spec.json
  Spec validator warnings (3):
    · multi-slice spec declares no cross_slice_checks (integration testing is 
missing — slices may pass in isolation while their composition is broken)
    · structure.payload: missing required field 'entrypoint'
    · structure.payload: missing required field 'commands'

  Build phase — dispatching slice agents
  Build: 5/5 slices passing, $1.61, 622s

  Merge phase — landing slices in dep order
  Merge: 5 landed, 0 blocked, $0.00

  Audit phase — final integrated review
  Audit verdict: passed; $0.26, 108s

  Render phase — assembling proof packet
  Proof: 
/private/tmp/otto-e2e/p2-jsonl-cli/otto_logs/sessions/2026-05-04-093134-aeb277/p
roof-packet.html
        /private/tmp/otto-e2e/p2-jsonl-cli/otto_logs/sessions/2026-05-04-093134-
aeb277/proof-packet.json
