  otto run — session 2026-05-04-115029-d7f09f

spec validator: multi-slice spec declares no cross_slice_checks (integration testing is missing — slices may pass in isolation while their composition is broken)
spec validator: structure.payload: missing required field 'entrypoint'
spec validator: structure.payload.commands[0]: missing required field 'summary'
spec validator: structure.payload.commands[1]: missing required field 'summary'
spec validator: structure.payload.commands[2]: missing required field 'summary'
  Compile complete — 5 slice(s), project_kind=cli
  Spec: 
/private/tmp/otto-e2e/p5-ssg/otto_logs/sessions/2026-05-04-115029-d7f09f/spec/sp
ec.json
  Spec validator warnings (5):
    · multi-slice spec declares no cross_slice_checks (integration testing is 
missing — slices may pass in isolation while their composition is broken)
    · structure.payload: missing required field 'entrypoint'
    · structure.payload.commands[0]: missing required field 'summary'
    · structure.payload.commands[1]: missing required field 'summary'
    · structure.payload.commands[2]: missing required field 'summary'

  Build phase — dispatching slice agents
slice cli_setup: failed to commit work to branch i2p/2026-05-04-115029-d7f09f/cli_setup — marking BLOCKED
slice content_pipeline: failed to commit work to branch i2p/2026-05-04-115029-d7f09f/content_pipeline — marking BLOCKED
  Build: 0/5 slices passing, $0.93, 392s
  Blocked slices: cli_setup, content_pipeline, site_generation, feeds_discovery,
testing_integration

  Merge phase — landing slices in dep order
  Merge: 0 landed, 0 blocked, $0.00

  Audit phase — final integrated review
