  otto run — session 2026-05-04-120252-9b7dec

spec validator: multi-slice spec declares no cross_slice_checks (integration testing is missing — slices may pass in isolation while their composition is broken)
spec validator: structure.payload: missing required field 'entrypoint'
spec validator: structure.payload.commands[0]: missing required field 'summary'
spec validator: structure.payload.commands[1]: missing required field 'summary'
spec validator: structure.payload.commands[2]: missing required field 'summary'
  Compile complete — 5 slice(s), project_kind=cli
  Spec: 
/private/tmp/otto-e2e/p5-ssg/otto_logs/sessions/2026-05-04-120252-9b7dec/spec/sp
ec.json
  Spec validator warnings (5):
    · multi-slice spec declares no cross_slice_checks (integration testing is 
missing — slices may pass in isolation while their composition is broken)
    · structure.payload: missing required field 'entrypoint'
    · structure.payload.commands[0]: missing required field 'summary'
    · structure.payload.commands[1]: missing required field 'summary'
    · structure.payload.commands[2]: missing required field 'summary'

  Build phase — dispatching slice agents
  Build: 5/5 slices passing, $4.22, 1468s

  Merge phase — landing slices in dep order
  Merge: 2 landed, 1 blocked, $0.44

  Audit phase — final integrated review
  Audit verdict: partial; $2.29, 842s

  Render phase — assembling proof packet
  Proof: 
/private/tmp/otto-e2e/p5-ssg/otto_logs/sessions/2026-05-04-120252-9b7dec/proof-p
acket.html
        /private/tmp/otto-e2e/p5-ssg/otto_logs/sessions/2026-05-04-120252-9b7dec
/proof-packet.json
