  otto run — session 2026-05-04-131203-caa6d2

spec validator: multi-slice spec declares no cross_slice_checks (integration testing is missing — slices may pass in isolation while their composition is broken)
  Compile complete — 4 slice(s), project_kind=cli
  Spec: 
/private/tmp/otto-e2e/p5-ssg/otto_logs/sessions/2026-05-04-131203-caa6d2/spec/sp
ec.json
  Spec validator warnings (1):
    · multi-slice spec declares no cross_slice_checks (integration testing is 
missing — slices may pass in isolation while their composition is broken)

  Build phase — dispatching slice agents
  Build: 4/4 slices passing, $2.07, 871s

  Merge phase — landing slices in dep order
  Merge: 4 landed, 0 blocked, $0.00

  Audit phase — final integrated review
  Audit verdict: passed; $0.27, 101s

  Render phase — assembling proof packet
  Proof: 
/private/tmp/otto-e2e/p5-ssg/otto_logs/sessions/2026-05-04-131203-caa6d2/proof-p
acket.html
        /private/tmp/otto-e2e/p5-ssg/otto_logs/sessions/2026-05-04-131203-caa6d2
/proof-packet.json
