  otto run — session 2026-05-04-103640-a45188

spec validator: multi-slice spec declares no cross_slice_checks (integration testing is missing — slices may pass in isolation while their composition is broken)
spec validator: structure.payload: missing required field 'entrypoint'
spec validator: structure.payload.commands[0]: missing required field 'summary'
spec validator: structure.payload.commands[1]: missing required field 'summary'
spec validator: structure.payload.commands[2]: missing required field 'summary'
  Compile complete — 8 slice(s), project_kind=cli
  Spec: 
/private/tmp/otto-e2e/p5-ssg/otto_logs/sessions/2026-05-04-103640-a45188/spec/sp
ec.json
  Spec validator warnings (5):
    · multi-slice spec declares no cross_slice_checks (integration testing is 
missing — slices may pass in isolation while their composition is broken)
    · structure.payload: missing required field 'entrypoint'
    · structure.payload.commands[0]: missing required field 'summary'
    · structure.payload.commands[1]: missing required field 'summary'
    · structure.payload.commands[2]: missing required field 'summary'

  Build phase — dispatching slice agents
  Build: 8/8 slices passing, $3.58, 1484s

  Merge phase — landing slices in dep order
  Merge: 6 landed, 1 blocked, $0.47

  Audit phase — final integrated review
  Audit verdict: partial; $1.97, 720s

  Render phase — assembling proof packet
  Proof: 
/private/tmp/otto-e2e/p5-ssg/otto_logs/sessions/2026-05-04-103640-a45188/proof-p
acket.html
        /private/tmp/otto-e2e/p5-ssg/otto_logs/sessions/2026-05-04-103640-a45188
/proof-packet.json
