  otto run — session 2026-05-04-085707-99062f

spec validator: multi-slice spec declares no cross_slice_checks (integration testing is missing — slices may pass in isolation while their composition is broken)
  Compile complete — 2 slice(s), project_kind=webapp
  Spec: 
/private/tmp/otto-e2e/p1-flask-todo/otto_logs/sessions/2026-05-04-085707-99062f/
spec/spec.json
  Spec validator warnings (1):
    · multi-slice spec declares no cross_slice_checks (integration testing is 
missing — slices may pass in isolation while their composition is broken)

  Build phase — dispatching slice agents
  Build: 2/2 slices passing, $0.68, 248s

  Merge phase — landing slices in dep order
  Merge: 2 landed, 0 blocked, $0.00

  Audit phase — final integrated review
  Audit verdict: passed; $0.07, 50s

  Render phase — assembling proof packet
  Proof: 
/private/tmp/otto-e2e/p1-flask-todo/otto_logs/sessions/2026-05-04-085707-99062f/
proof-packet.html
        /private/tmp/otto-e2e/p1-flask-todo/otto_logs/sessions/2026-05-04-085707
-99062f/proof-packet.json
