  otto run — session 2026-05-04-153230-26ba48

spec validator: multi-slice spec declares no cross_slice_checks (integration testing is missing — slices may pass in isolation while their composition is broken)
  Compile complete — 6 slice(s), project_kind=webapp
  Spec: 
/private/tmp/otto-e2e/p7-shortener/otto_logs/sessions/2026-05-04-153230-26ba48/s
pec/spec.json
  Spec validator warnings (1):
    · multi-slice spec declares no cross_slice_checks (integration testing is 
missing — slices may pass in isolation while their composition is broken)

  Build phase — dispatching slice agents
  Build: 6/6 slices passing, $2.82, 1214s

  Merge phase — landing slices in dep order
  Merge: 6 landed, 0 blocked, $0.00

  Audit phase — final integrated review
  Audit verdict: passed; $0.19, 83s

  Render phase — assembling proof packet
  Proof: 
/private/tmp/otto-e2e/p7-shortener/otto_logs/sessions/2026-05-04-153230-26ba48/p
roof-packet.html
        /private/tmp/otto-e2e/p7-shortener/otto_logs/sessions/2026-05-04-153230-
26ba48/proof-packet.json
