  otto run — session 2026-05-04-145534-c97f32

spec validator: multi-slice spec declares no cross_slice_checks (integration testing is missing — slices may pass in isolation while their composition is broken)
  Compile complete — 4 slice(s), project_kind=webapp
  Spec: 
/private/tmp/otto-e2e/p7-shortener/otto_logs/sessions/2026-05-04-145534-c97f32/s
pec/spec.json
  Spec validator warnings (1):
    · multi-slice spec declares no cross_slice_checks (integration testing is 
missing — slices may pass in isolation while their composition is broken)

  Build phase — dispatching slice agents
  Build: 4/4 slices passing, $3.56, 1509s

  Merge phase — landing slices in dep order
  Merge: 3 landed, 1 blocked, $0.33

  Audit phase — final integrated review
  Audit verdict: partial; $0.92, 369s

  Render phase — assembling proof packet
  Proof: 
/private/tmp/otto-e2e/p7-shortener/otto_logs/sessions/2026-05-04-145534-c97f32/p
roof-packet.html
        /private/tmp/otto-e2e/p7-shortener/otto_logs/sessions/2026-05-04-145534-
c97f32/proof-packet.json
